✔ [3652/3784] Built Riemann.Basic.ComplexSinc (2.1s)
✔ [3653/3784] Built Riemann.Basic.RankOne (2.2s)
✔ [3654/3784] Built Riemann.Arithmetic.KilledShift (2.4s)
✔ [3655/3784] Built Riemann.Arithmetic.EulerSupport (2.3s)
✔ [3656/3784] Built Riemann.Arithmetic.FiniteSynthesis (2.4s)
✔ [3657/3784] Built Riemann.Basic.L2IntegralRepresentative (2.5s)
✔ [3658/3784] Built Riemann.Basic.Determinant (2.5s)
✔ [3659/3784] Built Riemann.Basic.RealMatrixComplexification (2.4s)
✔ [3660/3784] Built Riemann.Analysis.HalfLine.Kernel (2.7s)
✔ [3661/3784] Built Riemann.Basic.L1ParameterDerivative (3.2s)
✔ [3662/3784] Built Riemann.Basic.FiniteOperatorParameter (3.2s)
✔ [3663/3784] Built Riemann.Basic.MatrixPencilCalculus (3.0s)
✔ [3664/3784] Built Riemann.Capacity.ScalarLogBounds (3.1s)
✔ [3665/3784] Built Riemann.Analysis.HalfLine.InverseSqrtSum (3.1s)
✔ [3666/3784] Built Riemann.Analysis.FiniteWindow.SourceGramDerivative (3.2s)
✔ [3667/3784] Built Riemann.Basic.MetricSpectrum (3.3s)
✔ [3668/3784] Built Riemann.Basic.PositivePencilDiagonalization (3.4s)
✔ [3669/3784] Built Riemann.CCM.Data (3.5s)
✔ [3670/3784] Built Riemann.Analysis.FiniteWindow.StrongKernelIntegral (4.3s)
✔ [3671/3784] Built Riemann.Basic.ErrorEnergy (1.0s)
✔ [3672/3784] Built Riemann.Arithmetic.FiniteEulerProduct (2.1s)
✔ [3673/3784] Built Riemann.Arithmetic.LogarithmicCurrent (2.1s)
✔ [3674/3784] Built Riemann.Analysis.HalfLine.ArithmeticKernel (2.1s)
✔ [3675/3784] Built Riemann.Analysis.FiniteWindow.KilledShiftHilbert (5.4s)
✔ [3676/3784] Built Riemann.Arithmetic.MultiplicativeShift (2.8s)
✔ [3677/3784] Built Riemann.CCM.Brightness (2.3s)
✔ [3678/3784] Built Riemann.Analysis.HalfLine.RawBoxScalar (2.9s)
✔ [3679/3784] Built Riemann.CCM.InverseEnergy (3.3s)
✔ [3680/3784] Built Riemann.Analysis.GammaKernel (3.7s)
✔ [3681/3784] Built Riemann.Basic.Projector (4.7s)
✔ [3682/3784] Built Riemann.Analysis.FiniteWindow.KilledShiftAlgebra (2.2s)
✔ [3683/3784] Built Riemann.CCM.ConstantModeExample (2.2s)
✔ [3684/3784] Built Riemann.CCM.InverseEnergyTrace (2.1s)
✔ [3685/3784] Built Riemann.Analysis.GammaCutoffKernel (2.2s)
✔ [3686/3784] Built Riemann.Basic.PositiveGalerkin (5.3s)
✔ [3687/3784] Built Riemann.CCM.GroundProjector (2.2s)
✔ [3688/3784] Built Riemann.Analysis.HalfLine.Hilbert (4.8s)
✔ [3689/3784] Built Riemann.Arithmetic.NativeFiniteArithmetic (5.1s)
✔ [3690/3784] Built Riemann.Analysis.FiniteWindow.Volterra (5.3s)
✔ [3691/3784] Built Riemann.Analysis.FiniteWindow.KernelConvolution (5.3s)
✔ [3692/3784] Built Riemann.Source.MinimumNorm (3.5s)
✔ [3693/3784] Built Riemann.Analysis.GammaCutoffLimit (2.6s)
✔ [3694/3784] Built Riemann.CCM.InverseEnergyIntegration (3.1s)
✔ [3695/3784] Built Riemann.Basic.PositiveCompression (3.5s)
✔ [3696/3784] Built Riemann.CCM.Correction (2.9s)
✔ [3697/3784] Built Riemann.Analysis.HalfLine.Exponential (2.9s)
✔ [3698/3784] Built Riemann.CCM.FourierSection (10s)
✔ [3699/3784] Built Riemann.Analysis.FiniteWindow.ACPrimitive (2.8s)
✔ [3700/3784] Built Riemann.CCM.InverseEnergyCapacity (2.7s)
✔ [3701/3784] Built Riemann.CCM.Spectrum (2.3s)
✔ [3702/3784] Built Riemann.CCM.FourierResolvent (2.3s)
✔ [3703/3784] Built Riemann.CCM.FourierIntegral (2.5s)
✔ [3704/3784] Built Riemann.Analysis.HalfLine.LaplaceObstruction (2.8s)
✔ [3705/3784] Built Riemann.CCM.WeilMatrix (2.8s)
✔ [3706/3784] Built Riemann.Analysis.FiniteWindow.LiteralVolterra (2.8s)
✔ [3707/3784] Built Riemann.Analysis.FiniteWindow.DirectedGenerator (5.7s)
✔ [3708/3784] Built Riemann.Basic.PositiveSchur (7.7s)
✔ [3709/3784] Built Riemann.Capacity.SoftMean (4.8s)
✔ [3710/3784] Built Riemann.Analysis.FiniteWindow.GammaOperator (6.7s)
✔ [3711/3784] Built Riemann.CCM.GroundComplement (4.4s)
✔ [3712/3784] Built Riemann.Analysis.FiniteWindow.GeneratorOperator (3.7s)
✔ [3713/3784] Built Riemann.CCM.NativeData (2.7s)
✔ [3714/3784] Built Riemann.Analysis.FiniteWindow.PolarOperator (5.3s)
✔ [3715/3784] Built Riemann.Basic.PositiveSchurCoordinates (5.6s)
✔ [3716/3784] Built Riemann.CCM.BoundaryHyperplane (3.3s)
✔ [3717/3784] Built Riemann.Analysis.FiniteWindow.GeneratorDomain (2.2s)
✔ [3718/3784] Built Riemann.Capacity.SoftMeanGeometry (5.6s)
✔ [3719/3784] Built Riemann.CCM.NativeDeterminant (2.5s)
✔ [3720/3784] Built Riemann.CCM.BoundaryResolvent (3.0s)
✔ [3721/3784] Built Riemann.Analysis.FiniteWindow.NativeFourierHilbert (3.4s)
✔ [3722/3784] Built Riemann.Analysis.FiniteWindow.GammaCurrent (6.3s)
✔ [3723/3784] Built Riemann.CCM.FourierCharacteristic (2.7s)
✔ [3724/3784] Built Riemann.Analysis.FiniteWindow.PrimeHilbert (21s)
✔ [3725/3784] Built Riemann.Analysis.FiniteWindow.NativeFourierIsometry (2.5s)
✔ [3726/3784] Built Riemann.Analysis.FiniteWindow.GammaBackground (2.1s)
✔ [3727/3784] Built Riemann.Basic.PositiveSchurTransitivity (11s)
✔ [3728/3784] Built Riemann.CCM.BoundaryWeyl (2.5s)
✔ [3729/3784] Built Riemann.Capacity.BoundaryCorrection (12s)
✔ [3730/3784] Built Riemann.CCM.LatticeTail (3.0s)
✔ [3731/3784] Built Riemann.Analysis.FiniteWindow.PolarKernel (2.9s)
✔ [3732/3784] Built Riemann.Analysis.FiniteWindow.GammaCurrentConvolution (4.9s)
✔ [3733/3784] Built Riemann.Analysis.FiniteWindow.NativeShiftEntries (3.0s)
✔ [3734/3784] Built Riemann.CCM.CharacteristicSlope (2.8s)
✔ [3735/3784] Built Riemann.Basic.PhysicalMass (20s)
✔ [3736/3784] Built Riemann.Analysis.FiniteWindow.ShiftCommutation (6.2s)
✔ [3737/3784] Built Riemann.CCM.BoundarySchur (4.1s)
✔ [3738/3784] Built Riemann.CCM.PositiveOddCapacity (4.6s)
✔ [3739/3784] Built Riemann.Analysis.FiniteWindow.CompletedFrame (6.0s)
✔ [3740/3784] Built Riemann.Analysis.FiniteWindow.NativeHermitianShift (3.4s)
✔ [3741/3784] Built Riemann.Analysis.FiniteWindow.GammaBackgroundForm (3.7s)
✔ [3742/3784] Built Riemann.Analysis.FiniteWindow.NativeFourierShiftBound (5.0s)
✔ [3743/3784] Built Riemann.Analysis.FiniteWindow.GammaCurrentIdentity (3.8s)
✔ [3744/3784] Built Riemann.CCM.NativeInverseEnergy (3.8s)
✔ [3745/3784] Built Riemann.Capacity.HighGraph (9.4s)
✔ [3746/3784] Built Riemann.CCM.NativeCapacity (4.9s)
✔ [3747/3784] Built Riemann.Analysis.FiniteWindow.GammaFourierDomain (3.6s)
✔ [3748/3784] Built Riemann.Analysis.FiniteWindow.CompletedCurrent (2.3s)
✔ [3749/3784] Built Riemann.CCM.NativeHighCoordinateEquiv (5.0s)
✔ [3750/3784] Built Riemann.Analysis.FiniteWindow.NativePrimeCoefficients (11s)
✔ [3751/3784] Built Riemann.Analysis.FiniteWindow.CompletedCurrentIdentity (4.5s)
✔ [3752/3784] Built Riemann.Capacity.FullDecomposition (8.9s)
✔ [3753/3784] Built Riemann.CCM.OddGroundResponse (3.2s)
✔ [3754/3784] Built Riemann.Analysis.FiniteWindow.CompletedSourceGram (2.7s)
✔ [3755/3784] Built Riemann.Analysis.FiniteWindow.NativeIntegralCoefficients (2.0s)
✔ [3756/3784] Built Riemann.CCM.NativeHighCoordinateDictionary (5.9s)
✔ [3757/3784] Built Riemann.CCM.InverseEnergyCharacteristic (3.1s)
✔ [3758/3784] Built Riemann.CCM.NativeGraph (4.0s)
✔ [3759/3784] Built Riemann.CCM.NativeLatticeMean (2.4s)
✔ [3760/3784] Built Riemann.Capacity.RankOneCoupling (5.8s)
✔ [3761/3784] Built Riemann.Analysis.FiniteWindow.LiteralSourceColumns (3.9s)
✔ [3762/3784] Built Riemann.CCM.NativeSourceEnergyEquiv (6.7s)
✔ [3763/3784] Built Riemann.CCM.NativeHighLowChart (7.3s)
✔ [3764/3784] Built Riemann.Analysis.FiniteWindow.NativeCompensatedCurrent (12s)
✔ [3765/3784] Built Riemann.CCM.FiniteCapacityDictionary (2.8s)
✔ [3766/3784] Built Riemann.Analysis.FiniteWindow.NativePolarCoefficients (3.5s)
✔ [3767/3784] Built Riemann.Analysis.FiniteWindow.NativeGammaCoefficients (3.8s)
✔ [3768/3784] Built Riemann.Analysis.FiniteWindow.NativeCompletedCoefficients (4.1s)
✔ [3769/3784] Built Riemann.Analysis.FiniteWindow.NativeSourceWeil (2.7s)
✔ [3770/3784] Built Riemann.Analysis.HalfLine.FiniteSupport (65s)
✔ [3771/3784] Built Riemann.Analysis.HalfLine.CompactBox (2.4s)
✔ [3772/3784] Built Riemann.Analysis.HalfLine.Volterra (4.4s)
✔ [3773/3784] Built Riemann.Analysis.HalfLine.CompletedOperator (2.5s)
✔ [3774/3784] Built Riemann.Analysis.HalfLine.CompletedObstruction (3.1s)
✔ [3775/3784] Built Riemann.Analysis.HalfLine.KernelTranslation (4.1s)
✔ [3776/3784] Built Riemann.Analysis.HalfLine.RawBoxConvergence (3.6s)
✔ [3777/3784] Built Riemann.Analysis.HalfLine.RawEuler (34s)
✔ [3778/3784] Built Riemann.Analysis.HalfLine.RawBoxArithmetic (2.3s)
✔ [3779/3784] Built Riemann.Analysis.HalfLine.CompletedKernel (2.7s)
✔ [3780/3784] Built Riemann.Analysis.HalfLine.CompletedCore (4.6s)
✔ [3781/3784] Built Riemann.Analysis.HalfLine.RawNonclosability (2.4s)
✔ [3782/3784] Built Riemann.Analysis.HalfLine.FiniteRestriction (10s)
✔ [3783/3784] Built Riemann (1.8s)
Build completed successfully (3784 jobs).
